// Vitest Snapshot v1

exports[`serve fs output > _00 manifest.json 1`] = `
Object {
  "action": Object {
    "default_icon": Object {
      "128": "icons/action-icon-128.png",
      "16": "icons/action-icon-16.png",
      "32": "icons/action-icon-32.png",
      "48": "icons/action-icon-48.png",
    },
    "default_popup": "src/popup.html",
  },
  "background": Object {
    "service_worker": "service-worker-loader.js",
    "type": "module",
  },
  "description": "Chrome Extension with a public dir",
  "icons": Object {
    "128": "icons/manifest-icon-128.png",
    "16": "icons/manifest-icon-16.png",
    "32": "icons/manifest-icon-32.png",
    "48": "icons/manifest-icon-48.png",
  },
  "manifest_version": 3,
  "name": "public dir test extension",
  "version": "1.0.0",
  "web_accessible_resources": Array [
    Object {
      "matches": Array [
        "<all_urls>",
      ],
      "resources": Array [
        "*",
        "**/*",
      ],
      "use_dynamic_url": true,
    },
  ],
}
`;

exports[`serve fs output > _01 output files 1`] = `
Array [
  "assets/loading-page.hash0.js",
  "favicon.svg",
  "icons/action-icon-128.png",
  "icons/action-icon-16.png",
  "icons/action-icon-32.png",
  "icons/action-icon-48.png",
  "icons/manifest-icon-128.png",
  "icons/manifest-icon-16.png",
  "icons/manifest-icon-32.png",
  "icons/manifest-icon-48.png",
  "manifest.json",
  "service-worker-loader.js",
  "src/popup.html",
]
`;

exports[`serve fs output > _02 optimized deps 1`] = `
Set {
  "src/popup.html",
}
`;

exports[`serve fs output > assets/loading-page.hash0.js 1`] = `
"const VITE_URL = \\"http://localhost:3000\\";
document.body.innerHTML = \`
<div
      id=\\"app\\"
      style=\\"
        border: 1px solid #ddd;
        padding: 20px;
        border-radius: 5px;
        box-shadow: 0 0 10px rgba(0, 0, 0, 0.1);
      \\"
    >
      <h1 style=\\"color: #333\\">Vite Dev Mode</h1>
      <p style=\\"color: #666\\">
        Cannot connect to the Vite Dev Server on <a href=\\"\${VITE_URL}\\">\${VITE_URL}</a>
      </p>
      <p style=\\"color: #666\\">
        Double-check that Vite is working and reload the extension.
      </p>
      <p style=\\"color: #666\\">
        This page will close when the extension reloads.
      </p>
      <button
        style=\\"
          padding: 10px 20px;
          border: none;
          background-color: #007bff;
          color: #fff;
          border-radius: 5px;
          cursor: pointer;
        \\"
      >
        Reload Extension
      </button>
    </div>\`;
document.body.querySelector(\\"button\\")?.addEventListener(\\"click\\", () => {
  chrome.runtime.reload();
});
let tries = 0;
let ready = false;
do {
  try {
    await fetch(VITE_URL);
    ready = true;
  } catch {
    const timeout = Math.min(100 * Math.pow(2, ++tries), 5e3);
    console.log(\`[CRXJS] Vite Dev Server is not available on \${VITE_URL}\`);
    console.log(\`[CRXJS] Retrying in \${timeout}ms...\`);
    await new Promise((resolve) => setTimeout(resolve, timeout));
  }
} while (!ready);
location.reload();
"
`;

exports[`serve fs output > service-worker-loader.js 1`] = `
"import 'http://localhost:3000/@vite/env';
import 'http://localhost:3000/@crx/client-worker';
"
`;

exports[`serve fs output > src/popup.html 1`] = `
"<!DOCTYPE html>
<html lang=\\"en\\">
  <head>
    <title>Vite Dev Mode</title>
    <script src=\\"/assets/loading-page.hash0.js\\" type=\\"module\\"></script>
  </head>
  <body
    style=\\"font-family: Arial, sans-serif; padding: 20px; text-align: center\\"
  >
    <h1>Vite Dev Mode</h1>
  </body>
</html>
"
`;
